============================= test session starts =============================
platform win32 -- Python 3.13.5, pytest-9.0.2, pluggy-1.6.0
rootdir: E:\work\misc\rpgmaker-tileset-composer
configfile: pyproject.toml
collected 42 items

tests\test_image_loader.py .............                                 [ 30%]
tests\test_tile.py ...
